<?xml version="1.0" encoding="utf-8"?><testsuites name="pytest tests"><testsuite name="pytest" errors="0" failures="0" skipped="0" tests="68" time="1.228" timestamp="2025-07-06T06:48:20.520755+00:00" hostname="ac30d62852d6"><testcase classname="tests.test_api.TestHealthAndRoot" name="test_health_check" time="0.083" /><testcase classname="tests.test_api.TestHealthAndRoot" name="test_root_endpoint" time="0.014" /><testcase classname="tests.test_api.TestCreateTodo" name="test_create_todo_success" time="0.017" /><testcase classname="tests.test_api.TestCreateTodo" name="test_create_todo_minimal_data" time="0.014" /><testcase classname="tests.test_api.TestCreateTodo" name="test_create_todo_with_due_date" time="0.014" /><testcase classname="tests.test_api.TestCreateTodo" name="test_create_todo_empty_title" time="0.014" /><testcase classname="tests.test_api.TestCreateTodo" name="test_create_todo_whitespace_title" time="0.014" /><testcase classname="tests.test_api.TestCreateTodo" name="test_create_todo_missing_title" time="0.014" /><testcase classname="tests.test_api.TestCreateTodo" name="test_create_todo_title_too_long" time="0.014" /><testcase classname="tests.test_api.TestCreateTodo" name="test_create_todo_description_too_long" time="0.015" /><testcase classname="tests.test_api.TestCreateTodo" name="test_create_todo_invalid_status" time="0.014" /><testcase classname="tests.test_api.TestCreateTodo" name="test_create_todo_invalid_priority" time="0.014" /><testcase classname="tests.test_api.TestCreateTodo" name="test_create_todo_past_due_date" time="0.014" /><testcase classname="tests.test_api.TestCreateTodo" name="test_create_todo_invalid_due_date_format" time="0.014" /><testcase classname="tests.test_api.TestGetTodos" name="test_get_empty_todos" time="0.014" /><testcase classname="tests.test_api.TestGetTodos" name="test_get_todos_success" time="0.018" /><testcase classname="tests.test_api.TestGetTodos" name="test_get_todos_filter_by_status" time="0.018" /><testcase classname="tests.test_api.TestGetTodos" name="test_get_todos_filter_by_priority" time="0.018" /><testcase classname="tests.test_api.TestGetTodos" name="test_get_todos_pagination" time="0.037" /><testcase classname="tests.test_api.TestGetTodos" name="test_get_todos_invalid_page" time="0.038" /><testcase classname="tests.test_api.TestGetTodos" name="test_get_todos_invalid_page_size" time="0.016" /><testcase classname="tests.test_api.TestGetTodoById" name="test_get_todo_success" time="0.015" /><testcase classname="tests.test_api.TestGetTodoById" name="test_get_todo_not_found" time="0.014" /><testcase classname="tests.test_api.TestGetTodoById" name="test_get_todo_invalid_id" time="0.015" /><testcase classname="tests.test_api.TestGetTodoById" name="test_get_todo_non_integer_id" time="0.014" /><testcase classname="tests.test_api.TestUpdateTodo" name="test_update_todo_success" time="0.018" /><testcase classname="tests.test_api.TestUpdateTodo" name="test_update_todo_partial" time="0.015" /><testcase classname="tests.test_api.TestUpdateTodo" name="test_update_todo_not_found" time="0.014" /><testcase classname="tests.test_api.TestUpdateTodo" name="test_update_todo_invalid_id" time="0.014" /><testcase classname="tests.test_api.TestUpdateTodo" name="test_update_todo_empty_title" time="0.017" /><testcase classname="tests.test_api.TestUpdateTodo" name="test_update_todo_invalid_status" time="0.016" /><testcase classname="tests.test_api.TestDeleteTodo" name="test_delete_todo_success" time="0.016" /><testcase classname="tests.test_api.TestDeleteTodo" name="test_delete_todo_not_found" time="0.014" /><testcase classname="tests.test_api.TestDeleteTodo" name="test_delete_todo_invalid_id" time="0.014" /><testcase classname="tests.test_api.TestTodoStats" name="test_get_stats_empty" time="0.014" /><testcase classname="tests.test_api.TestTodoStats" name="test_get_stats_with_todos" time="0.018" /><testcase classname="tests.test_api.TestTodoStats" name="test_get_stats_with_overdue" time="0.014" /><testcase classname="tests.test_api.TestEdgeCases" name="test_malformed_json" time="0.014" /><testcase classname="tests.test_api.TestEdgeCases" name="test_large_payload" time="0.014" /><testcase classname="tests.test_api.TestEdgeCases" name="test_unicode_content" time="0.016" /><testcase classname="tests.test_api.TestEdgeCases" name="test_concurrent_operations" time="0.030" /><testcase classname="tests.test_models.TestTodoModel" name="test_todo_creation_with_defaults" time="0.001" /><testcase classname="tests.test_models.TestTodoModel" name="test_todo_creation_with_all_fields" time="0.001" /><testcase classname="tests.test_models.TestTodoModel" name="test_todo_to_dict" time="0.001" /><testcase classname="tests.test_models.TestTodoModel" name="test_todo_update" time="0.002" /><testcase classname="tests.test_models.TestTodoModel" name="test_todo_update_with_none_values" time="0.001" /><testcase classname="tests.test_models.TestTodoModel" name="test_todo_update_invalid_attribute" time="0.001" /><testcase classname="tests.test_models.TestTodoEnums" name="test_todo_status_values" time="0.001" /><testcase classname="tests.test_models.TestTodoEnums" name="test_todo_priority_values" time="0.001" /><testcase classname="tests.test_models.TestTodoEnums" name="test_enum_comparison" time="0.001" /><testcase classname="tests.test_services.TestTodoService" name="test_create_todo" time="0.001" /><testcase classname="tests.test_services.TestTodoService" name="test_create_multiple_todos" time="0.001" /><testcase classname="tests.test_services.TestTodoService" name="test_get_todo_existing" time="0.001" /><testcase classname="tests.test_services.TestTodoService" name="test_get_todo_non_existing" time="0.001" /><testcase classname="tests.test_services.TestTodoService" name="test_get_todos_empty" time="0.001" /><testcase classname="tests.test_services.TestTodoService" name="test_get_todos_with_data" time="0.001" /><testcase classname="tests.test_services.TestTodoService" name="test_get_todos_filter_by_status" time="0.001" /><testcase classname="tests.test_services.TestTodoService" name="test_get_todos_filter_by_priority" time="0.001" /><testcase classname="tests.test_services.TestTodoService" name="test_get_todos_pagination" time="0.001" /><testcase classname="tests.test_services.TestTodoService" name="test_update_todo_existing" time="0.001" /><testcase classname="tests.test_services.TestTodoService" name="test_update_todo_non_existing" time="0.001" /><testcase classname="tests.test_services.TestTodoService" name="test_update_todo_partial" time="0.001" /><testcase classname="tests.test_services.TestTodoService" name="test_delete_todo_existing" time="0.001" /><testcase classname="tests.test_services.TestTodoService" name="test_delete_todo_non_existing" time="0.001" /><testcase classname="tests.test_services.TestTodoService" name="test_get_stats_empty" time="0.001" /><testcase classname="tests.test_services.TestTodoService" name="test_get_stats_with_data" time="0.001" /><testcase classname="tests.test_services.TestTodoService" name="test_get_stats_overdue" time="0.001" /><testcase classname="tests.test_services.TestTodoService" name="test_clear_all" time="0.001" /></testsuite></testsuites>